// Jest Snapshot v1, https://goo.gl/fbAQLP

exports[`TheHeader should match snapshot 1`] = `
<header class="page-header">
  <nav class="main-menu">
    <nuxt-link-stub to="/" tabindex="1"><img src="./img/logo.png" alt="Седона" class="logo"></nuxt-link-stub>
    <ul class="main-menu__list">
      <li class="main-menu__item">
        <nuxt-link-stub to="/info" class="main-menu__link">
          Информация
        </nuxt-link-stub>
      </li>
      <li class="main-menu__item">
        <nuxt-link-stub to="/media" class="main-menu__link">
          Фото и видео
        </nuxt-link-stub>
      </li>
      <li class="main-menu__item">
        <nuxt-link-stub to="/map" class="main-menu__link">
          Карта штата
        </nuxt-link-stub>
      </li>
      <li class="main-menu__item">
        <nuxt-link-stub to="/hotels" class="main-menu__link">
          Гостиницы
        </nuxt-link-stub>
      </li>
    </ul>
  </nav>
</header>
`;
